[17:40:57] Backup iniciado.
[17:40:57] 	                  14	C:\Users\Erico\Documents\Comandos e ambiente\
[17:40:57] 	  *Arquivo EXTRA		   20909	1ºExplicação dos diferentes processos de aprendizagem.docx
[17:40:57] 	  *Arquivo EXTRA		    8855	Atividade GTD.Oficina 3.xlsx
[17:40:57] 	  *Arquivo EXTRA		   14186	Carta de solicitação.Karina Pacheco.docx
[17:40:57] 	  *Arquivo EXTRA		  591531	Correção das atividades de  verbos de dizer.pptx
[17:40:57] 	  *Arquivo EXTRA		   15011	Fórum.docx
[17:40:57] 	  *Arquivo EXTRA		   27449	Minicursos de Integração Acadêmica.docx
[17:40:57] 	  *Arquivo EXTRA		   16576	Olá.docx
[17:40:57] 	  *Arquivo EXTRA		   12890	Parabéns.docx
[17:40:57] 	  Novo Arquivo		     226	ansible-vars.txt
[17:40:57] 	  Novo Arquivo		    3642	comands_ansible.txt	17:40 -> 17:40
[17:40:57] 	  Novo Arquivo		     484	comands_aws_cli.txt	17:40 -> 17:40
[17:40:57] 	  Novo Arquivo		    3206	comands_docker.txt	17:40 -> 17:40
[17:40:57] 	  Novo Arquivo		    9232	comands_k8s.txt	17:40 -> 17:40
[17:40:57] 	  Novo Arquivo		    3068	comands_terraform.txt	17:40 -> 17:40
[17:40:57] 	  Novo Arquivo		    3715	comands_ubuntu.txt	17:40 -> 17:40
[17:40:57] 	  Novo Arquivo		   51895	Config-VPN-Compasso-SSL.png	17:40 -> 17:40
[17:40:57] 	  Novo Arquivo		   52169	Config-VPN-RD.png	17:40 -> 17:40
[17:40:57] 	  Novo Arquivo		  133927	Correção-do-runner-imagem.png	17:40 -> 17:40
[17:40:57] 	  Novo Arquivo		    2633	Git e Gitlab.txt	17:40 -> 17:40
[17:40:57] 	  Novo Arquivo		     997	mensagem para MRs.txt	17:40 -> 17:40
[17:40:57] 	  Novo Arquivo		    6457	Meu ambiente UBUNTU.txt	17:40 -> 17:40
[17:40:57] 	  Novo Arquivo		    5423	variaveis do git.txt	17:40 -> 17:40
[17:40:57] Backup finalizado.
